2026-08-17T13:09:15 [INFO] LND-8482.repair — Mode: COMMIT | Report: rerun_3_input.csv | Bucket: enverus-courthouse-prod-chd-plants
2026-08-17T13:09:16 [INFO] LND-8482.repair — Loaded 1505 record(s) from rerun_3_input.csv
2026-08-17T13:09:16 [INFO] utils.database_utils — DatabaseConnection initialised: server=AUS2-DTF-PAP01V.NA.DRILLINGINFO.COM db=countyScansTitle
2026-08-17T13:09:16 [INFO] utils.database_utils — [countyScansTitle] Connected to AUS2-DTF-PAP01V.NA.DRILLINGINFO.COM (Windows auth)
2026-08-17T13:09:16 [INFO] botocore.credentials — Found credentials in environment variables.
2026-08-17T13:09:17 [INFO] utils.s3_utils — S3Client initialised: bucket=enverus-courthouse-prod-chd-plants region=us-east-1
2026-08-17T13:09:17 [INFO] LND-8482.repair — Source lookup returned 1505/1505 records
2026-08-17T13:09:28 [WARNING] pypdf._reader — EOF marker not found
2026-08-17T13:09:29 [INFO] pikepdf._core — pikepdf C++ to Python logger bridge initialized
2026-08-17T13:09:30 [WARNING] LND-8482.repair — pikepdf recovery failed: stream <_io.BytesIO object at 0x000001EBA7DD4400>: unable to find trailer dictionary while recovering damaged file
2026-08-17T13:09:40 [WARNING] pypdf._reader — EOF marker not found
2026-08-17T13:09:40 [WARNING] LND-8482.repair — pikepdf recovery failed: stream <_io.BytesIO object at 0x000001EBA7EEDA80>: unable to find trailer dictionary while recovering damaged file
2026-08-17T13:09:44 [WARNING] pypdf._reader — EOF marker not found
2026-08-17T13:09:44 [WARNING] LND-8482.repair — pikepdf recovery failed: stream <_io.BytesIO object at 0x000001EBA7EEDD50>: unable to find trailer dictionary while recovering damaged file
2026-08-17T13:09:57 [WARNING] pypdf._reader — EOF marker not found
2026-08-17T13:10:02 [WARNING] pypdf._reader — EOF marker not found
2026-08-17T13:10:02 [WARNING] LND-8482.repair — pikepdf recovery failed: stream <_io.BytesIO object at 0x000001EBA7EECD60>: unable to find trailer dictionary while recovering damaged file
2026-08-17T13:10:03 [WARNING] pypdf._reader — EOF marker not found
2026-08-17T13:10:03 [WARNING] LND-8482.repair — pikepdf recovery failed: stream <_io.BytesIO object at 0x000001EBA7EECAE0>: unable to find trailer dictionary while recovering damaged file
2026-08-17T13:10:05 [WARNING] pypdf._reader — parsing for Object Streams
2026-08-17T13:10:05 [WARNING] pypdf._reader — Object 1929 0 not defined.
2026-08-17T13:10:05 [WARNING] LND-8482.repair — pikepdf recovery failed: stream <_io.BytesIO object at 0x000001EBA7EEDD50>: unable to find page tree
2026-08-17T13:10:07 [WARNING] pypdf._reader — EOF marker not found
2026-08-17T13:10:07 [WARNING] LND-8482.repair — pikepdf recovery failed: stream <_io.BytesIO object at 0x000001EBA7EEE7F0>: unable to find trailer dictionary while recovering damaged file
2026-08-17T13:10:08 [WARNING] pypdf._reader — parsing for Object Streams
2026-08-17T13:10:08 [WARNING] pypdf._reader — Object 5 0 not defined.
2026-08-17T13:10:08 [WARNING] LND-8482.repair — pikepdf recovery failed: stream <_io.BytesIO object at 0x000001EBA7EEE930>: unable to find page tree
2026-08-17T13:10:10 [WARNING] pypdf._reader — incorrect startxref pointer(4)
2026-08-17T13:10:10 [WARNING] pypdf._reader — parsing for Object Streams
2026-08-17T13:10:10 [WARNING] pypdf._reader — Object 5 0 not defined.
2026-08-17T13:10:10 [WARNING] LND-8482.repair — pikepdf recovery failed: stream <_io.BytesIO object at 0x000001EBA7EEDC10>: root of pages tree has no /Kids array
2026-08-17T13:10:15 [WARNING] pypdf._reader — EOF marker not found
2026-08-17T13:10:15 [WARNING] LND-8482.repair — pikepdf recovery failed: stream <_io.BytesIO object at 0x000001EBA7EED490>: unable to find trailer dictionary while recovering damaged file
2026-08-17T13:10:39 [WARNING] pypdf._reader — parsing for Object Streams
2026-08-17T13:10:39 [WARNING] pypdf._reader — Object 89 0 not defined.
2026-08-17T13:10:39 [WARNING] LND-8482.repair — pikepdf recovery failed: stream <_io.BytesIO object at 0x000001EBA7EEF1A0>: unable to find page tree
2026-08-17T13:10:47 [WARNING] pypdf._reader — parsing for Object Streams
2026-08-17T13:10:47 [WARNING] pypdf._reader — Object 951 0 not defined.
2026-08-17T13:10:47 [WARNING] LND-8482.repair — pikepdf recovery failed: stream <_io.BytesIO object at 0x000001EBA7EEE840>: unable to find page tree
2026-08-17T13:10:48 [WARNING] pypdf._reader — EOF marker not found
2026-08-17T13:10:48 [WARNING] LND-8482.repair — pikepdf recovery failed: stream <_io.BytesIO object at 0x000001EBA7EEEC50>: unable to find trailer dictionary while recovering damaged file
2026-08-17T13:11:06 [WARNING] pypdf._reader — incorrect startxref pointer(4)
2026-08-17T13:11:06 [WARNING] pypdf._reader — parsing for Object Streams
2026-08-17T13:11:06 [WARNING] pypdf._reader — Object 5 0 not defined.
2026-08-17T13:11:06 [WARNING] LND-8482.repair — pikepdf recovery failed: stream <_io.BytesIO object at 0x000001EBA7EEECA0>: root of pages tree has no /Kids array
2026-08-17T13:11:10 [WARNING] pypdf._reader — EOF marker not found
2026-08-17T13:11:10 [WARNING] LND-8482.repair — pikepdf recovery failed: stream <_io.BytesIO object at 0x000001EBA7EEF6A0>: unable to find trailer dictionary while recovering damaged file
2026-08-17T13:11:28 [WARNING] pypdf._reader — EOF marker not found
2026-08-17T13:12:04 [WARNING] pypdf._reader — EOF marker not found
2026-08-17T13:12:04 [WARNING] LND-8482.repair — pikepdf recovery failed: stream <_io.BytesIO object at 0x000001EBA7EEFC40>: unable to find trailer dictionary while recovering damaged file
2026-08-17T13:12:12 [WARNING] pypdf._reader — EOF marker not found
2026-08-17T13:12:43 [WARNING] pypdf._reader — entry 9 in Xref table invalid but object found
2026-08-17T13:12:43 [WARNING] pypdf._reader — entry 10 in Xref table invalid but object found
2026-08-17T13:12:43 [WARNING] pypdf._reader — entry 11 in Xref table invalid but object found
2026-08-17T13:12:43 [WARNING] pypdf._reader — entry 12 in Xref table invalid but object found
2026-08-17T13:12:43 [WARNING] pypdf._reader — entry 13 in Xref table invalid but object found
2026-08-17T13:12:43 [WARNING] pypdf._reader — entry 14 in Xref table invalid but object found
2026-08-17T13:12:43 [WARNING] pypdf._reader — entry 15 in Xref table invalid but object found
2026-08-17T13:12:43 [WARNING] pypdf._reader — entry 16 in Xref table invalid but object found
2026-08-17T13:12:43 [WARNING] pypdf._reader — entry 17 in Xref table invalid but object found
2026-08-17T13:12:43 [WARNING] pypdf._reader — entry 18 in Xref table invalid but object found
2026-08-17T13:12:43 [WARNING] pypdf._reader — entry 19 in Xref table invalid but object found
2026-08-17T13:12:43 [WARNING] pypdf._reader — entry 20 in Xref table invalid but object found
2026-08-17T13:12:43 [WARNING] pypdf._reader — entry 21 in Xref table invalid but object found
2026-08-17T13:12:43 [WARNING] pypdf._reader — entry 22 in Xref table invalid but object found
2026-08-17T13:12:43 [WARNING] pypdf._reader — entry 23 in Xref table invalid but object found
2026-08-17T13:12:43 [WARNING] pypdf._reader — entry 24 in Xref table invalid but object found
2026-08-17T13:12:43 [WARNING] pypdf._reader — entry 25 in Xref table invalid but object found
2026-08-17T13:12:43 [WARNING] pypdf._reader — entry 26 in Xref table invalid but object found
2026-08-17T13:12:43 [WARNING] pypdf._reader — entry 27 in Xref table invalid but object found
2026-08-17T13:12:43 [WARNING] pypdf._reader — entry 28 in Xref table invalid but object found
2026-08-17T13:12:43 [WARNING] pypdf._reader — entry 29 in Xref table invalid but object found
2026-08-17T13:12:43 [WARNING] pypdf._reader — entry 30 in Xref table invalid but object found
2026-08-17T13:12:43 [WARNING] pypdf._reader — entry 31 in Xref table invalid but object found
2026-08-17T13:12:43 [WARNING] pypdf._reader — entry 32 in Xref table invalid but object found
2026-08-17T13:12:43 [WARNING] pypdf._reader — entry 33 in Xref table invalid but object found
2026-08-17T13:12:43 [WARNING] pypdf._reader — entry 34 in Xref table invalid but object found
2026-08-17T13:12:43 [WARNING] pypdf._reader — entry 35 in Xref table invalid but object found
2026-08-17T13:12:43 [WARNING] pypdf._reader — entry 36 in Xref table invalid but object found
2026-08-17T13:12:43 [WARNING] pypdf._reader — entry 37 in Xref table invalid but object found
2026-08-17T13:12:43 [WARNING] pypdf._reader — entry 38 in Xref table invalid but object found
2026-08-17T13:12:43 [WARNING] pypdf._reader — entry 39 in Xref table invalid but object found
2026-08-17T13:12:43 [WARNING] pypdf._reader — entry 40 in Xref table invalid but object found
2026-08-17T13:12:43 [WARNING] pypdf._reader — entry 41 in Xref table invalid but object found
2026-08-17T13:12:43 [WARNING] pypdf._reader — entry 42 in Xref table invalid but object found
2026-08-17T13:12:43 [WARNING] pypdf._reader — entry 43 in Xref table invalid but object found
2026-08-17T13:12:43 [WARNING] pypdf._reader — entry 44 in Xref table invalid but object found
2026-08-17T13:12:43 [WARNING] pypdf._reader — entry 45 in Xref table invalid but object found
2026-08-17T13:12:43 [WARNING] pypdf._reader — entry 46 in Xref table invalid but object found
2026-08-17T13:12:43 [WARNING] pypdf._reader — entry 47 in Xref table invalid but object found
2026-08-17T13:12:43 [WARNING] pypdf._reader — entry 48 in Xref table invalid but object found
2026-08-17T13:12:43 [WARNING] pypdf._reader — entry 49 in Xref table invalid but object found
2026-08-17T13:12:43 [WARNING] pypdf._reader — entry 50 in Xref table invalid but object found
2026-08-17T13:12:43 [WARNING] pypdf._reader — entry 51 in Xref table invalid but object found
2026-08-17T13:12:43 [WARNING] pypdf._reader — entry 52 in Xref table invalid but object found
2026-08-17T13:12:43 [WARNING] pypdf._reader — entry 53 in Xref table invalid but object found
2026-08-17T13:12:43 [WARNING] pypdf._reader — entry 54 in Xref table invalid but object found
2026-08-17T13:12:43 [WARNING] pypdf._reader — entry 55 in Xref table invalid but object found
2026-08-17T13:12:43 [WARNING] pypdf._reader — entry 56 in Xref table invalid but object found
2026-08-17T13:12:43 [WARNING] pypdf._reader — entry 57 in Xref table invalid but object found
2026-08-17T13:12:43 [WARNING] pypdf._reader — entry 58 in Xref table invalid but object found
2026-08-17T13:12:43 [WARNING] pypdf._reader — entry 59 in Xref table invalid but object found
2026-08-17T13:12:43 [WARNING] pypdf._reader — entry 60 in Xref table invalid but object found
2026-08-17T13:12:43 [WARNING] pypdf._reader — entry 61 in Xref table invalid but object found
2026-08-17T13:12:44 [WARNING] pypdf._reader — entry 62 in Xref table invalid but object found
2026-08-17T13:12:44 [WARNING] pypdf._reader — entry 63 in Xref table invalid but object found
2026-08-17T13:12:44 [WARNING] pypdf._reader — entry 64 in Xref table invalid but object found
2026-08-17T13:12:44 [WARNING] pypdf._reader — entry 65 in Xref table invalid but object found
2026-08-17T13:12:44 [WARNING] pypdf._reader — entry 66 in Xref table invalid but object found
2026-08-17T13:12:44 [WARNING] pypdf._reader — entry 67 in Xref table invalid but object found
2026-08-17T13:12:44 [WARNING] pypdf._reader — entry 68 in Xref table invalid but object found
2026-08-17T13:12:44 [WARNING] pypdf._reader — entry 69 in Xref table invalid but object found
2026-08-17T13:12:44 [WARNING] pypdf._reader — entry 70 in Xref table invalid but object found
2026-08-17T13:12:44 [WARNING] pypdf._reader — entry 71 in Xref table invalid but object found
2026-08-17T13:12:44 [WARNING] pypdf._reader — entry 72 in Xref table invalid but object found
2026-08-17T13:12:44 [WARNING] pypdf._reader — entry 73 in Xref table invalid but object found
2026-08-17T13:12:44 [WARNING] pypdf._reader — entry 74 in Xref table invalid but object found
2026-08-17T13:12:44 [WARNING] pypdf._reader — entry 75 in Xref table invalid but object found
2026-08-17T13:12:44 [WARNING] pypdf._reader — entry 76 in Xref table invalid but object found
2026-08-17T13:12:44 [WARNING] pypdf._reader — entry 77 in Xref table invalid but object found
2026-08-17T13:12:44 [WARNING] pypdf._reader — entry 78 in Xref table invalid but object found
2026-08-17T13:12:44 [WARNING] pypdf._reader — entry 79 in Xref table invalid but object found
2026-08-17T13:12:44 [WARNING] pypdf._reader — entry 80 in Xref table invalid but object found
2026-08-17T13:12:44 [WARNING] pypdf._reader — entry 81 in Xref table invalid but object found
2026-08-17T13:12:44 [WARNING] pypdf._reader — entry 82 in Xref table invalid but object found
2026-08-17T13:12:44 [WARNING] pypdf._reader — entry 83 in Xref table invalid but object found
2026-08-17T13:12:44 [WARNING] pypdf._reader — entry 84 in Xref table invalid but object found
2026-08-17T13:12:44 [WARNING] pypdf._reader — entry 85 in Xref table invalid but object found
2026-08-17T13:12:44 [WARNING] pypdf._reader — entry 86 in Xref table invalid but object found
2026-08-17T13:12:44 [WARNING] pypdf._reader — entry 87 in Xref table invalid but object found
2026-08-17T13:12:44 [WARNING] pypdf._reader — entry 88 in Xref table invalid but object found
2026-08-17T13:12:44 [WARNING] pypdf._reader — entry 89 in Xref table invalid but object found
2026-08-17T13:12:44 [WARNING] pypdf._reader — entry 90 in Xref table invalid but object found
2026-08-17T13:12:44 [WARNING] pypdf._reader — entry 91 in Xref table invalid but object found
2026-08-17T13:12:44 [WARNING] pypdf._reader — entry 92 in Xref table invalid but object found
2026-08-17T13:12:44 [WARNING] pypdf._reader — entry 93 in Xref table invalid but object found
2026-08-17T13:12:44 [WARNING] pypdf._reader — entry 94 in Xref table invalid but object found
2026-08-17T13:12:44 [WARNING] pypdf._reader — entry 95 in Xref table invalid but object found
2026-08-17T13:12:44 [WARNING] pypdf._reader — entry 96 in Xref table invalid but object found
2026-08-17T13:12:44 [WARNING] pypdf._reader — entry 97 in Xref table invalid but object found
2026-08-17T13:12:44 [WARNING] pypdf._reader — entry 98 in Xref table invalid but object found
2026-08-17T13:12:44 [WARNING] pypdf._reader — entry 99 in Xref table invalid but object found
2026-08-17T13:12:44 [WARNING] pypdf._reader — entry 100 in Xref table invalid but object found
2026-08-17T13:12:44 [WARNING] pypdf._reader — entry 101 in Xref table invalid but object found
2026-08-17T13:12:44 [WARNING] pypdf._reader — entry 102 in Xref table invalid but object found
2026-08-17T13:12:44 [WARNING] pypdf._reader — entry 103 in Xref table invalid but object found
2026-08-17T13:12:44 [WARNING] pypdf._reader — entry 104 in Xref table invalid but object found
2026-08-17T13:12:44 [WARNING] pypdf._reader — entry 105 in Xref table invalid but object found
2026-08-17T13:12:44 [WARNING] pypdf._reader — entry 106 in Xref table invalid but object found
2026-08-17T13:12:44 [WARNING] pypdf._reader — entry 107 in Xref table invalid but object found
2026-08-17T13:12:44 [WARNING] pypdf._reader — entry 108 in Xref table invalid but object found
2026-08-17T13:12:44 [WARNING] pypdf._reader — entry 109 in Xref table invalid but object found
2026-08-17T13:12:44 [WARNING] pypdf._reader — entry 110 in Xref table invalid but object found
2026-08-17T13:12:44 [WARNING] pypdf._reader — entry 111 in Xref table invalid but object found
2026-08-17T13:12:44 [WARNING] pypdf._reader — entry 112 in Xref table invalid but object found
2026-08-17T13:12:44 [WARNING] pypdf._reader — entry 113 in Xref table invalid but object found
2026-08-17T13:12:44 [WARNING] pypdf._reader — entry 114 in Xref table invalid but object found
2026-08-17T13:12:44 [WARNING] pypdf._reader — entry 115 in Xref table invalid but object found
2026-08-17T13:12:44 [WARNING] pypdf._reader — entry 116 in Xref table invalid but object found
2026-08-17T13:12:44 [WARNING] pypdf._reader — entry 117 in Xref table invalid but object found
2026-08-17T13:12:44 [WARNING] pypdf._reader — entry 118 in Xref table invalid but object found
2026-08-17T13:12:44 [WARNING] pypdf._reader — entry 119 in Xref table invalid but object found
2026-08-17T13:12:44 [WARNING] pypdf._reader — entry 120 in Xref table invalid but object found
2026-08-17T13:12:44 [WARNING] pypdf._reader — entry 121 in Xref table invalid but object found
2026-08-17T13:12:44 [WARNING] pypdf._reader — entry 122 in Xref table invalid but object found
2026-08-17T13:12:44 [WARNING] pypdf._reader — entry 123 in Xref table invalid but object found
2026-08-17T13:12:44 [WARNING] pypdf._reader — entry 124 in Xref table invalid but object found
2026-08-17T13:12:44 [WARNING] pypdf._reader — entry 125 in Xref table invalid but object found
2026-08-17T13:12:44 [WARNING] pypdf._reader — entry 126 in Xref table invalid but object found
2026-08-17T13:12:44 [WARNING] pypdf._reader — entry 127 in Xref table invalid but object found
2026-08-17T13:12:44 [WARNING] pypdf._reader — entry 128 in Xref table invalid but object found
2026-08-17T13:12:44 [WARNING] pypdf._reader — entry 129 in Xref table invalid but object found
2026-08-17T13:12:44 [WARNING] pypdf._reader — entry 130 in Xref table invalid but object found
2026-08-17T13:12:44 [WARNING] pypdf._reader — entry 131 in Xref table invalid but object found
2026-08-17T13:12:44 [WARNING] pypdf._reader — entry 132 in Xref table invalid but object found
2026-08-17T13:12:44 [WARNING] pypdf._reader — entry 133 in Xref table invalid but object found
2026-08-17T13:12:44 [WARNING] pypdf._reader — entry 134 in Xref table invalid but object found
2026-08-17T13:12:44 [WARNING] pypdf._reader — entry 135 in Xref table invalid but object found
2026-08-17T13:12:44 [WARNING] pypdf._reader — entry 136 in Xref table invalid but object found
2026-08-17T13:12:44 [WARNING] pypdf._reader — entry 137 in Xref table invalid but object found
2026-08-17T13:12:44 [WARNING] pypdf._reader — entry 138 in Xref table invalid but object found
2026-08-17T13:12:44 [WARNING] pypdf._reader — entry 139 in Xref table invalid but object found
2026-08-17T13:12:44 [WARNING] pypdf._reader — entry 140 in Xref table invalid but object found
2026-08-17T13:12:44 [WARNING] pypdf._reader — entry 141 in Xref table invalid but object found
2026-08-17T13:12:44 [WARNING] pypdf._reader — entry 142 in Xref table invalid but object found
2026-08-17T13:12:44 [WARNING] pypdf._reader — entry 143 in Xref table invalid but object found
2026-08-17T13:12:44 [WARNING] pypdf._reader — entry 144 in Xref table invalid but object found
2026-08-17T13:12:44 [WARNING] pypdf._reader — entry 145 in Xref table invalid but object found
2026-08-17T13:12:44 [WARNING] pypdf._reader — entry 146 in Xref table invalid but object found
2026-08-17T13:12:44 [WARNING] pypdf._reader — entry 147 in Xref table invalid but object found
2026-08-17T13:12:44 [WARNING] pypdf._reader — entry 148 in Xref table invalid but object found
2026-08-17T13:12:44 [WARNING] pypdf._reader — entry 149 in Xref table invalid but object found
2026-08-17T13:12:44 [WARNING] pypdf._reader — entry 150 in Xref table invalid but object found
2026-08-17T13:12:44 [WARNING] pypdf._reader — entry 151 in Xref table invalid but object found
2026-08-17T13:12:44 [WARNING] pypdf._reader — entry 152 in Xref table invalid but object found
2026-08-17T13:12:44 [WARNING] pypdf._reader — entry 153 in Xref table invalid but object found
2026-08-17T13:12:57 [WARNING] pypdf._reader — EOF marker not found
2026-08-17T13:12:57 [WARNING] LND-8482.repair — pikepdf recovery failed: stream <_io.BytesIO object at 0x000001EBA7F9C400>: unable to find trailer dictionary while recovering damaged file
2026-08-17T13:12:58 [WARNING] pypdf._reader — EOF marker not found
2026-08-17T13:12:58 [WARNING] LND-8482.repair — pikepdf recovery failed: stream <_io.BytesIO object at 0x000001EBA7F9C5E0>: unable to find trailer dictionary while recovering damaged file
2026-08-17T13:13:06 [WARNING] pypdf._reader — parsing for Object Streams
2026-08-17T13:13:06 [WARNING] pypdf._reader — Object 8 0 not defined.
2026-08-17T13:13:06 [WARNING] LND-8482.repair — pikepdf recovery failed: stream <_io.BytesIO object at 0x000001EBA7F9C270>: unable to find page tree
2026-08-17T13:13:09 [WARNING] pypdf._reader — EOF marker not found
2026-08-17T13:13:43 [WARNING] pypdf._reader — EOF marker not found
2026-08-17T13:13:43 [WARNING] LND-8482.repair — pikepdf recovery failed: stream <_io.BytesIO object at 0x000001EBA7F9CB80>: root of pages tree has no /Kids array
2026-08-17T13:13:46 [WARNING] pypdf._reader — EOF marker not found
2026-08-17T13:13:46 [WARNING] LND-8482.repair — pikepdf recovery failed: stream <_io.BytesIO object at 0x000001EBA7F9C3B0>: unable to find trailer dictionary while recovering damaged file
2026-08-17T13:13:50 [WARNING] pypdf._reader — EOF marker not found
2026-08-17T13:13:50 [WARNING] LND-8482.repair — pikepdf recovery failed: stream <_io.BytesIO object at 0x000001EBA7F9D710>: unable to find trailer dictionary while recovering damaged file
2026-08-17T13:14:00 [WARNING] pypdf._reader — EOF marker not found
2026-08-17T13:14:00 [WARNING] LND-8482.repair — pikepdf recovery failed: stream <_io.BytesIO object at 0x000001EBA7F9D350>: unable to find trailer dictionary while recovering damaged file
2026-08-17T13:14:13 [WARNING] pypdf._reader — EOF marker not found
2026-08-17T13:14:13 [WARNING] LND-8482.repair — pikepdf recovery failed: stream <_io.BytesIO object at 0x000001EBA7F9C7C0>: unable to find trailer dictionary while recovering damaged file
2026-08-17T13:14:15 [WARNING] pypdf._reader — EOF marker not found
2026-08-17T13:14:15 [WARNING] LND-8482.repair — pikepdf recovery failed: stream <_io.BytesIO object at 0x000001EBA7F9D850>: unable to find trailer dictionary while recovering damaged file
2026-08-17T13:14:18 [INFO] LND-8482.repair — Processed 165/1505 — 0.5 rec/s — ETA 40m 43s | {'repaired': 0, 'would_repair': 0, 'skipped': 0, 'failed': 165}
2026-08-17T13:14:23 [WARNING] pypdf._reader — EOF marker not found
2026-08-17T13:14:23 [WARNING] LND-8482.repair — pikepdf recovery failed: stream <_io.BytesIO object at 0x000001EBA7F9C4F0>: unable to find trailer dictionary while recovering damaged file
2026-08-17T13:14:27 [WARNING] pypdf._reader — EOF marker not found
2026-08-17T13:14:27 [WARNING] LND-8482.repair — pikepdf recovery failed: stream <_io.BytesIO object at 0x000001EBA7EECE50>: unable to find trailer dictionary while recovering damaged file
2026-08-17T13:14:42 [WARNING] pypdf._reader — parsing for Object Streams
2026-08-17T13:14:42 [WARNING] pypdf._reader — Object 1926 0 not defined.
2026-08-17T13:14:42 [WARNING] LND-8482.repair — pikepdf recovery failed: stream <_io.BytesIO object at 0x000001EBA7DD6020>: unable to find page tree
2026-08-17T13:14:53 [WARNING] pypdf._reader — parsing for Object Streams
2026-08-17T13:14:53 [WARNING] pypdf._reader — Object 170 0 not defined.
2026-08-17T13:14:53 [WARNING] LND-8482.repair — pikepdf recovery failed: stream <_io.BytesIO object at 0x000001EBA7EEEFC0>: unable to find page tree
2026-08-17T13:15:00 [WARNING] pypdf._reader — EOF marker not found
2026-08-17T13:15:00 [WARNING] LND-8482.repair — pikepdf recovery failed: stream <_io.BytesIO object at 0x000001EBA7EEF470>: unable to find trailer dictionary while recovering damaged file
2026-08-17T13:15:04 [WARNING] pypdf._reader — EOF marker not found
2026-08-17T13:15:04 [WARNING] LND-8482.repair — pikepdf recovery failed: stream <_io.BytesIO object at 0x000001EBA7EEE7F0>: unable to find trailer dictionary while recovering damaged file
2026-08-17T13:15:10 [WARNING] pypdf._reader — EOF marker not found
2026-08-17T13:15:10 [WARNING] LND-8482.repair — pikepdf recovery failed: stream <_io.BytesIO object at 0x000001EBA7EEFF60>: unable to find trailer dictionary while recovering damaged file
2026-08-17T13:15:15 [WARNING] pypdf._reader — EOF marker not found
2026-08-17T13:15:15 [WARNING] LND-8482.repair — pikepdf recovery failed: stream <_io.BytesIO object at 0x000001EBA7EEFE20>: unable to find trailer dictionary while recovering damaged file
2026-08-17T13:15:18 [WARNING] pypdf._reader — EOF marker not found
2026-08-17T13:15:18 [WARNING] LND-8482.repair — pikepdf recovery failed: stream <_io.BytesIO object at 0x000001EBA7EEF5B0>: unable to find trailer dictionary while recovering damaged file
2026-08-17T13:15:24 [WARNING] pypdf._reader — parsing for Object Streams
2026-08-17T13:15:24 [WARNING] pypdf._reader — Object 5 0 not defined.
2026-08-17T13:15:24 [WARNING] LND-8482.repair — pikepdf recovery failed: stream <_io.BytesIO object at 0x000001EBA7EEEFC0>: unable to find page tree
2026-08-17T13:15:28 [WARNING] pypdf._reader — EOF marker not found
2026-08-17T13:15:28 [WARNING] LND-8482.repair — pikepdf recovery failed: stream <_io.BytesIO object at 0x000001EBA7EEEE30>: unable to find trailer dictionary while recovering damaged file
2026-08-17T13:15:33 [WARNING] pypdf._reader — EOF marker not found
2026-08-17T13:15:33 [WARNING] LND-8482.repair — pikepdf recovery failed: stream <_io.BytesIO object at 0x000001EBA7EEF880>: unable to find trailer dictionary while recovering damaged file
2026-08-17T13:16:02 [WARNING] pypdf._reader — EOF marker not found
2026-08-17T13:16:02 [WARNING] LND-8482.repair — pikepdf recovery failed: stream <_io.BytesIO object at 0x000001EBA7EEFBA0>: unable to find trailer dictionary while recovering damaged file
2026-08-17T13:16:02 [WARNING] pypdf._reader — EOF marker not found
2026-08-17T13:16:02 [WARNING] LND-8482.repair — pikepdf recovery failed: stream <_io.BytesIO object at 0x000001EBA7EEFBA0>: unable to find trailer dictionary while recovering damaged file
2026-08-17T13:16:09 [WARNING] pypdf._reader — EOF marker not found
2026-08-17T13:16:09 [WARNING] LND-8482.repair — pikepdf recovery failed: stream <_io.BytesIO object at 0x000001EBA7EEEB60>: unable to find trailer dictionary while recovering damaged file
2026-08-17T13:16:26 [WARNING] pypdf._reader — parsing for Object Streams
2026-08-17T13:16:26 [WARNING] pypdf._reader — Object 2 0 not defined.
2026-08-17T13:16:26 [WARNING] LND-8482.repair — pikepdf recovery failed: stream <_io.BytesIO object at 0x000001EBA7EEFB00>: unable to find page tree
2026-08-17T13:16:30 [WARNING] pypdf._reader — EOF marker not found
2026-08-17T13:16:30 [WARNING] LND-8482.repair — pikepdf recovery failed: stream <_io.BytesIO object at 0x000001EBA7EED580>: unable to find trailer dictionary while recovering damaged file
2026-08-17T13:16:54 [WARNING] pypdf._reader — EOF marker not found
2026-08-17T13:16:54 [WARNING] LND-8482.repair — pikepdf recovery failed: stream <_io.BytesIO object at 0x000001EBA7EEDBC0>: root of pages tree has no /Kids array
2026-08-17T13:16:58 [WARNING] pypdf._reader — EOF marker not found
2026-08-17T13:16:58 [WARNING] LND-8482.repair — pikepdf recovery failed: stream <_io.BytesIO object at 0x000001EBA7EECAE0>: unable to find trailer dictionary while recovering damaged file
2026-08-17T13:17:00 [WARNING] pypdf._reader — EOF marker not found
2026-08-17T13:17:00 [WARNING] LND-8482.repair — pikepdf recovery failed: stream <_io.BytesIO object at 0x000001EBA7EEEE80>: unable to find trailer dictionary while recovering damaged file
2026-08-17T13:17:06 [WARNING] pypdf._reader — EOF marker not found
2026-08-17T13:17:06 [WARNING] LND-8482.repair — pikepdf recovery failed: stream <_io.BytesIO object at 0x000001EBA7EEE890>: unable to find trailer dictionary while recovering damaged file
2026-08-17T13:18:00 [WARNING] pypdf._reader — EOF marker not found
2026-08-17T13:18:00 [WARNING] LND-8482.repair — pikepdf recovery failed: stream <_io.BytesIO object at 0x000001EBA7EEFC90>: unable to find trailer dictionary while recovering damaged file
2026-08-17T13:18:12 [WARNING] pypdf._reader — EOF marker not found
2026-08-17T13:18:12 [WARNING] LND-8482.repair — pikepdf recovery failed: stream <_io.BytesIO object at 0x000001EBA7EEF010>: unable to find trailer dictionary while recovering damaged file
2026-08-17T13:18:25 [WARNING] pypdf._reader — EOF marker not found
2026-08-17T13:18:25 [WARNING] LND-8482.repair — pikepdf recovery failed: stream <_io.BytesIO object at 0x000001EBA7EEF150>: unable to find trailer dictionary while recovering damaged file
2026-08-17T13:18:30 [WARNING] pypdf._reader — EOF marker not found
2026-08-17T13:18:30 [WARNING] LND-8482.repair — pikepdf recovery failed: stream <_io.BytesIO object at 0x000001EBA7EEF650>: unable to find trailer dictionary while recovering damaged file
2026-08-17T13:18:49 [WARNING] pypdf._reader — EOF marker not found
2026-08-17T13:18:49 [WARNING] LND-8482.repair — pikepdf recovery failed: stream <_io.BytesIO object at 0x000001EBA7EEF100>: unable to find trailer dictionary while recovering damaged file
2026-08-17T13:18:55 [WARNING] pypdf._reader — EOF marker not found
2026-08-17T13:18:55 [WARNING] LND-8482.repair — pikepdf recovery failed: stream <_io.BytesIO object at 0x000001EBA7F9C450>: unable to find trailer dictionary while recovering damaged file
2026-08-17T13:18:55 [WARNING] pypdf._reader — EOF marker not found
2026-08-17T13:18:55 [WARNING] LND-8482.repair — pikepdf recovery failed: stream <_io.BytesIO object at 0x000001EBA7F9CB80>: unable to find trailer dictionary while recovering damaged file
2026-08-17T13:19:19 [INFO] LND-8482.repair — Processed 325/1505 — 0.5 rec/s — ETA 36m 24s | {'repaired': 0, 'would_repair': 0, 'skipped': 0, 'failed': 325}
2026-08-17T13:19:24 [WARNING] pypdf._reader — EOF marker not found
2026-08-17T13:19:24 [WARNING] LND-8482.repair — pikepdf recovery failed: stream <_io.BytesIO object at 0x000001EBA7EEFB50>: unable to find trailer dictionary while recovering damaged file
2026-08-17T13:19:28 [WARNING] pypdf._reader — parsing for Object Streams
2026-08-17T13:19:28 [WARNING] pypdf._reader — Object 212 0 not defined.
2026-08-17T13:19:28 [WARNING] LND-8482.repair — pikepdf recovery failed: stream <_io.BytesIO object at 0x000001EBA7EEF5B0>: unable to find page tree
2026-08-17T13:19:33 [WARNING] pypdf._reader — EOF marker not found
2026-08-17T13:19:56 [WARNING] pypdf._reader — EOF marker not found
2026-08-17T13:19:56 [WARNING] LND-8482.repair — pikepdf recovery failed: stream <_io.BytesIO object at 0x000001EBA7EEEDE0>: unable to find trailer dictionary while recovering damaged file
2026-08-17T13:19:58 [WARNING] pypdf._reader — EOF marker not found
2026-08-17T13:19:58 [WARNING] LND-8482.repair — pikepdf recovery failed: stream <_io.BytesIO object at 0x000001EBA7EEF600>: unable to find trailer dictionary while recovering damaged file
2026-08-17T13:19:58 [WARNING] pypdf._reader — EOF marker not found
2026-08-17T13:19:58 [WARNING] LND-8482.repair — pikepdf recovery failed: stream <_io.BytesIO object at 0x000001EBA7EEFFB0>: unable to find trailer dictionary while recovering damaged file
2026-08-17T13:20:06 [WARNING] pypdf._reader — EOF marker not found
2026-08-17T13:20:06 [WARNING] LND-8482.repair — pikepdf recovery failed: stream <_io.BytesIO object at 0x000001EBA7EEF790>: unable to find trailer dictionary while recovering damaged file
2026-08-17T13:22:56 [WARNING] pypdf._reader — EOF marker not found
2026-08-17T13:22:56 [WARNING] LND-8482.repair — pikepdf recovery failed: stream <_io.BytesIO object at 0x000001EBA7F686D0>: unable to find trailer dictionary while recovering damaged file
2026-08-17T13:23:05 [WARNING] pypdf._reader — EOF marker not found
2026-08-17T13:23:05 [WARNING] LND-8482.repair — pikepdf recovery failed: stream <_io.BytesIO object at 0x000001EBA7F694E0>: unable to find trailer dictionary while recovering damaged file
2026-08-17T13:23:09 [WARNING] pypdf._reader — EOF marker not found
2026-08-17T13:23:09 [WARNING] LND-8482.repair — pikepdf recovery failed: stream <_io.BytesIO object at 0x000001EBA7F695D0>: unable to find trailer dictionary while recovering damaged file
2026-08-17T13:23:10 [WARNING] pypdf._reader — EOF marker not found
2026-08-17T13:23:10 [WARNING] LND-8482.repair — pikepdf recovery failed: stream <_io.BytesIO object at 0x000001EBA7F68450>: unable to find trailer dictionary while recovering damaged file
2026-08-17T13:23:25 [WARNING] pypdf._reader — EOF marker not found
2026-08-17T13:23:25 [WARNING] LND-8482.repair — pikepdf recovery failed: stream <_io.BytesIO object at 0x000001EBA7FAD490>: unable to find trailer dictionary while recovering damaged file
2026-08-17T13:23:42 [WARNING] pypdf._reader — EOF marker not found
2026-08-17T13:24:12 [WARNING] pypdf._reader — EOF marker not found
2026-08-17T13:24:12 [WARNING] LND-8482.repair — pikepdf recovery failed: stream <_io.BytesIO object at 0x000001EBA7EEDB20>: unable to find trailer dictionary while recovering damaged file
2026-08-17T13:24:18 [WARNING] pypdf._reader — EOF marker not found
2026-08-17T13:24:18 [WARNING] LND-8482.repair — pikepdf recovery failed: stream <_io.BytesIO object at 0x000001EBA7EEEC50>: unable to find trailer dictionary while recovering damaged file
2026-08-17T13:24:19 [INFO] LND-8482.repair — Processed 518/1505 — 0.6 rec/s — ETA 28m 38s | {'repaired': 0, 'would_repair': 0, 'skipped': 0, 'failed': 518}
2026-08-17T13:24:49 [WARNING] pypdf._reader — EOF marker not found
2026-08-17T13:24:49 [WARNING] LND-8482.repair — pikepdf recovery failed: stream <_io.BytesIO object at 0x000001EBA7EEF150>: unable to find trailer dictionary while recovering damaged file
2026-08-17T13:25:00 [WARNING] pypdf._reader — EOF marker not found
2026-08-17T13:25:00 [WARNING] LND-8482.repair — pikepdf recovery failed: stream <_io.BytesIO object at 0x000001EBA7EEF920>: unable to find trailer dictionary while recovering damaged file
2026-08-17T13:25:07 [WARNING] pypdf._reader — parsing for Object Streams
2026-08-17T13:25:07 [WARNING] pypdf._reader — Object 1998 0 not defined.
2026-08-17T13:25:07 [WARNING] LND-8482.repair — pikepdf recovery failed: stream <_io.BytesIO object at 0x000001EBA7FAE2F0>: unable to find page tree
2026-08-17T13:25:08 [WARNING] pypdf._reader — EOF marker not found
2026-08-17T13:25:08 [WARNING] LND-8482.repair — pikepdf recovery failed: stream <_io.BytesIO object at 0x000001EBA7FAE980>: unable to find trailer dictionary while recovering damaged file
2026-08-17T13:25:49 [WARNING] pypdf._reader — EOF marker not found
2026-08-17T13:25:49 [WARNING] LND-8482.repair — pikepdf recovery failed: stream <_io.BytesIO object at 0x000001EBA7EEC4F0>: unable to find trailer dictionary while recovering damaged file
2026-08-17T13:25:55 [WARNING] pypdf._reader — EOF marker not found
2026-08-17T13:25:55 [WARNING] LND-8482.repair — pikepdf recovery failed: stream <_io.BytesIO object at 0x000001EBA7EEDD50>: unable to find trailer dictionary while recovering damaged file
2026-08-17T13:25:59 [WARNING] pypdf._reader — EOF marker not found
2026-08-17T13:25:59 [WARNING] LND-8482.repair — pikepdf recovery failed: stream <_io.BytesIO object at 0x000001EBA7EED850>: unable to find trailer dictionary while recovering damaged file
2026-08-17T13:26:16 [WARNING] pypdf._reader — parsing for Object Streams
2026-08-17T13:26:16 [WARNING] pypdf._reader — Object 221 0 not defined.
2026-08-17T13:26:16 [WARNING] LND-8482.repair — pikepdf recovery failed: stream <_io.BytesIO object at 0x000001EBA7EEEF20>: unable to find page tree
2026-08-17T13:26:33 [WARNING] pypdf._reader — EOF marker not found
2026-08-17T13:26:33 [WARNING] LND-8482.repair — pikepdf recovery failed: stream <_io.BytesIO object at 0x000001EBA7FAEF20>: unable to find trailer dictionary while recovering damaged file
2026-08-17T13:26:34 [WARNING] pypdf._reader — EOF marker not found
2026-08-17T13:26:34 [WARNING] LND-8482.repair — pikepdf recovery failed: stream <_io.BytesIO object at 0x000001EBA7FAE3E0>: unable to find trailer dictionary while recovering damaged file
2026-08-17T13:26:46 [WARNING] pypdf._reader — EOF marker not found
2026-08-17T13:26:46 [WARNING] LND-8482.repair — pikepdf recovery failed: stream <_io.BytesIO object at 0x000001EBA7EEEBB0>: unable to find trailer dictionary while recovering damaged file
2026-08-17T13:26:48 [WARNING] pypdf._reader — EOF marker not found
2026-08-17T13:26:48 [WARNING] LND-8482.repair — pikepdf recovery failed: stream <_io.BytesIO object at 0x000001EBA7EECD60>: unable to find trailer dictionary while recovering damaged file
2026-08-17T13:27:00 [WARNING] pypdf._reader — EOF marker not found
2026-08-17T13:27:00 [WARNING] LND-8482.repair — pikepdf recovery failed: stream <_io.BytesIO object at 0x000001EBA7FAE890>: unable to find trailer dictionary while recovering damaged file
2026-08-17T13:27:04 [WARNING] pypdf._reader — EOF marker not found
2026-08-17T13:27:04 [WARNING] LND-8482.repair — pikepdf recovery failed: stream <_io.BytesIO object at 0x000001EBA7EEEBB0>: unable to find trailer dictionary while recovering damaged file
2026-08-17T13:27:09 [WARNING] pypdf._reader — EOF marker not found
2026-08-17T13:27:09 [WARNING] LND-8482.repair — pikepdf recovery failed: stream <_io.BytesIO object at 0x000001EBA7EEF970>: unable to find trailer dictionary while recovering damaged file
2026-08-17T13:27:12 [WARNING] pypdf._reader — EOF marker not found
2026-08-17T13:27:13 [WARNING] pypdf._reader — EOF marker not found
2026-08-17T13:27:13 [WARNING] LND-8482.repair — pikepdf recovery failed: stream <_io.BytesIO object at 0x000001EBA7EEF150>: unable to find trailer dictionary while recovering damaged file
2026-08-17T13:27:16 [WARNING] pypdf._reader — EOF marker not found
2026-08-17T13:27:16 [WARNING] LND-8482.repair — pikepdf recovery failed: stream <_io.BytesIO object at 0x000001EBA7EECB80>: unable to find trailer dictionary while recovering damaged file
2026-08-17T13:27:18 [WARNING] pypdf._reader — EOF marker not found
2026-08-17T13:27:18 [WARNING] LND-8482.repair — pikepdf recovery failed: stream <_io.BytesIO object at 0x000001EBA7EED530>: unable to find trailer dictionary while recovering damaged file
2026-08-17T13:27:26 [WARNING] pypdf._reader — EOF marker not found
2026-08-17T13:27:26 [WARNING] LND-8482.repair — pikepdf recovery failed: stream <_io.BytesIO object at 0x000001EBA7EECA90>: unable to find trailer dictionary while recovering damaged file
2026-08-17T13:27:38 [WARNING] pypdf._reader — EOF marker not found
2026-08-17T13:27:38 [WARNING] LND-8482.repair — pikepdf recovery failed: stream <_io.BytesIO object at 0x000001EBA7EEFBF0>: unable to find trailer dictionary while recovering damaged file
2026-08-17T13:27:54 [WARNING] pypdf._reader — EOF marker not found
2026-08-17T13:27:54 [WARNING] LND-8482.repair — pikepdf recovery failed: stream <_io.BytesIO object at 0x000001EBA7EEFEC0>: root of pages tree has no /Kids array
2026-08-17T13:28:04 [WARNING] pypdf._reader — EOF marker not found
2026-08-17T13:28:04 [WARNING] LND-8482.repair — pikepdf recovery failed: stream <_io.BytesIO object at 0x000001EBA7EEFE70>: unable to find trailer dictionary while recovering damaged file
2026-08-17T13:28:05 [WARNING] pypdf._reader — EOF marker not found
2026-08-17T13:28:15 [WARNING] pypdf._reader — EOF marker not found
2026-08-17T13:28:15 [WARNING] LND-8482.repair — pikepdf recovery failed: stream <_io.BytesIO object at 0x000001EBA7EEF010>: unable to find trailer dictionary while recovering damaged file
2026-08-17T13:28:18 [WARNING] pypdf._reader — incorrect startxref pointer(4)
2026-08-17T13:28:18 [WARNING] pypdf._reader — parsing for Object Streams
2026-08-17T13:28:18 [WARNING] pypdf._reader — Object 18 0 not defined.
2026-08-17T13:28:18 [WARNING] LND-8482.repair — pikepdf recovery failed: stream <_io.BytesIO object at 0x000001EBA7EEFA60>: root of pages tree has no /Kids array
2026-08-17T13:28:23 [WARNING] pypdf._reader — EOF marker not found
2026-08-17T13:28:23 [WARNING] LND-8482.repair — pikepdf recovery failed: stream <_io.BytesIO object at 0x000001EBA7EECA90>: unable to find trailer dictionary while recovering damaged file
2026-08-17T13:28:27 [WARNING] pypdf._reader — EOF marker not found
2026-08-17T13:28:27 [WARNING] LND-8482.repair — pikepdf recovery failed: stream <_io.BytesIO object at 0x000001EBA7EEC4F0>: unable to find trailer dictionary while recovering damaged file
2026-08-17T13:28:27 [WARNING] pypdf._reader — parsing for Object Streams
2026-08-17T13:28:27 [WARNING] pypdf._reader — Object 2168 0 not defined.
2026-08-17T13:28:27 [WARNING] LND-8482.repair — pikepdf recovery failed: stream <_io.BytesIO object at 0x000001EBA7FAF600>: unable to find page tree
2026-08-17T13:28:30 [WARNING] pypdf._reader — EOF marker not found
2026-08-17T13:28:30 [WARNING] LND-8482.repair — pikepdf recovery failed: stream <_io.BytesIO object at 0x000001EBA7FAEA70>: unable to find trailer dictionary while recovering damaged file
2026-08-17T13:28:35 [WARNING] pypdf._reader — EOF marker not found
2026-08-17T13:29:06 [INFO] utils.database_utils — [countyScansTitle] BEGIN TRANSACTION
2026-08-17T13:29:06 [INFO] utils.database_utils — [countyScansTitle] UPDATE: UPDATE countyScansTitle.dbo.tblS3Image
               SET s3FilePath        = ?,
                   pageCount         = ?,
                   fileSizeBytes     = ?,
                   _ModifiedBy       = ?,
                   _ModifiedDateTime = GETDATE()
             WHERE recordID = ?;
            IF @@ROWCOUNT = 0
                INSERT INTO countyScansTitle.dbo.tblS3Image
                    (recordID, s3FilePath, pageCount, fileSizeBytes, _ModifiedBy, _ModifiedDateTime)
                VALUES (?, ?, ?, ?, ?, GETDATE()); | params=['s3://enverus-courthouse-prod-chd-plants/tx/eog_gonzales/8bb0/8bb0d496-17a6-4a10-bf67-5ab8eb2ef945.pdf', 2, 69595, 'LND-8093-repair', '8bb0d496-17a6-4a10-bf67-5ab8eb2ef945', '8bb0d496-17a6-4a10-bf67-5ab8eb2ef945', 's3://enverus-courthouse-prod-chd-plants/tx/eog_gonzales/8bb0/8bb0d496-17a6-4a10-bf67-5ab8eb2ef945.pdf', 2, 69595, 'LND-8093-repair']
2026-08-17T13:29:11 [INFO] utils.database_utils — [countyScansTitle] 1 row(s) affected.
2026-08-17T13:29:11 [INFO] utils.database_utils — [countyScansTitle] COMMIT
2026-08-17T13:29:14 [WARNING] pypdf._reader — EOF marker not found
2026-08-17T13:29:14 [WARNING] LND-8482.repair — pikepdf recovery failed: stream <_io.BytesIO object at 0x000001EC1C02D170>: unable to find trailer dictionary while recovering damaged file
2026-08-17T13:29:20 [INFO] LND-8482.repair — Processed 706/1505 — 0.6 rec/s — ETA 22m 41s | {'repaired': 1, 'would_repair': 0, 'skipped': 0, 'failed': 705}
2026-08-17T13:29:21 [WARNING] pypdf._reader — EOF marker not found
2026-08-17T13:29:21 [WARNING] LND-8482.repair — pikepdf recovery failed: stream <_io.BytesIO object at 0x000001EC1C02D2B0>: unable to find trailer dictionary while recovering damaged file
2026-08-17T13:29:32 [WARNING] pypdf._reader — parsing for Object Streams
2026-08-17T13:29:32 [WARNING] pypdf._reader — Object 1767 0 not defined.
2026-08-17T13:29:32 [WARNING] LND-8482.repair — pikepdf recovery failed: stream <_io.BytesIO object at 0x000001EC1C02DDF0>: unable to find page tree
2026-08-17T13:29:40 [INFO] utils.database_utils — [countyScansTitle] BEGIN TRANSACTION
2026-08-17T13:29:40 [INFO] utils.database_utils — [countyScansTitle] UPDATE: UPDATE countyScansTitle.dbo.tblS3Image
               SET s3FilePath        = ?,
                   pageCount         = ?,
                   fileSizeBytes     = ?,
                   _ModifiedBy       = ?,
                   _ModifiedDateTime = GETDATE()
             WHERE recordID = ?;
            IF @@ROWCOUNT = 0
                INSERT INTO countyScansTitle.dbo.tblS3Image
                    (recordID, s3FilePath, pageCount, fileSizeBytes, _ModifiedBy, _ModifiedDateTime)
                VALUES (?, ?, ?, ?, ?, GETDATE()); | params=['s3://enverus-courthouse-prod-chd-plants/tx/eog_gonzales/8d26/8d26cbff-3fce-40e1-9db8-2a46a2ec7acf.pdf', 9, 286621, 'LND-8093-repair', '8d26cbff-3fce-40e1-9db8-2a46a2ec7acf', '8d26cbff-3fce-40e1-9db8-2a46a2ec7acf', 's3://enverus-courthouse-prod-chd-plants/tx/eog_gonzales/8d26/8d26cbff-3fce-40e1-9db8-2a46a2ec7acf.pdf', 9, 286621, 'LND-8093-repair']
2026-08-17T13:29:45 [INFO] utils.database_utils — [countyScansTitle] 1 row(s) affected.
2026-08-17T13:29:45 [INFO] utils.database_utils — [countyScansTitle] COMMIT
2026-08-17T13:29:51 [INFO] utils.database_utils — [countyScansTitle] BEGIN TRANSACTION
2026-08-17T13:29:51 [INFO] utils.database_utils — [countyScansTitle] UPDATE: UPDATE countyScansTitle.dbo.tblS3Image
               SET s3FilePath        = ?,
                   pageCount         = ?,
                   fileSizeBytes     = ?,
                   _ModifiedBy       = ?,
                   _ModifiedDateTime = GETDATE()
             WHERE recordID = ?;
            IF @@ROWCOUNT = 0
                INSERT INTO countyScansTitle.dbo.tblS3Image
                    (recordID, s3FilePath, pageCount, fileSizeBytes, _ModifiedBy, _ModifiedDateTime)
                VALUES (?, ?, ?, ?, ?, GETDATE()); | params=['s3://enverus-courthouse-prod-chd-plants/tx/gonzales/70e2/70e250b3-172e-4ec3-b768-e146a33d8738.pdf', 2, 59829, 'LND-8093-repair', '70e250b3-172e-4ec3-b768-e146a33d8738', '70e250b3-172e-4ec3-b768-e146a33d8738', 's3://enverus-courthouse-prod-chd-plants/tx/gonzales/70e2/70e250b3-172e-4ec3-b768-e146a33d8738.pdf', 2, 59829, 'LND-8093-repair']
2026-08-17T13:29:55 [INFO] utils.database_utils — [countyScansTitle] 1 row(s) affected.
2026-08-17T13:29:55 [INFO] utils.database_utils — [countyScansTitle] COMMIT
2026-08-17T13:30:02 [WARNING] pypdf._reader — EOF marker not found
2026-08-17T13:30:02 [WARNING] LND-8482.repair — pikepdf recovery failed: stream <_io.BytesIO object at 0x000001EC1C02D260>: unable to find trailer dictionary while recovering damaged file
2026-08-17T13:30:10 [WARNING] pypdf._reader — EOF marker not found
2026-08-17T13:30:10 [WARNING] LND-8482.repair — pikepdf recovery failed: stream <_io.BytesIO object at 0x000001EC1C02E3E0>: unable to find trailer dictionary while recovering damaged file
2026-08-17T13:30:21 [WARNING] pypdf._reader — EOF marker not found
2026-08-17T13:30:21 [WARNING] LND-8482.repair — pikepdf recovery failed: stream <_io.BytesIO object at 0x000001EC1C02D300>: unable to find trailer dictionary while recovering damaged file
2026-08-17T13:30:28 [WARNING] pypdf._reader — EOF marker not found
2026-08-17T13:30:28 [WARNING] LND-8482.repair — pikepdf recovery failed: stream <_io.BytesIO object at 0x000001EC1C02EF20>: unable to find trailer dictionary while recovering damaged file
2026-08-17T13:30:29 [WARNING] pypdf._reader — EOF marker not found
2026-08-17T13:30:29 [WARNING] LND-8482.repair — pikepdf recovery failed: stream <_io.BytesIO object at 0x000001EC1C02EC00>: unable to find trailer dictionary while recovering damaged file
2026-08-17T13:31:20 [WARNING] pypdf._reader — EOF marker not found
2026-08-17T13:31:20 [WARNING] LND-8482.repair — pikepdf recovery failed: stream <_io.BytesIO object at 0x000001EC1C0A6E80>: unable to find trailer dictionary while recovering damaged file
2026-08-17T13:31:51 [WARNING] pypdf._reader — EOF marker not found
2026-08-17T13:31:51 [WARNING] LND-8482.repair — pikepdf recovery failed: stream <_io.BytesIO object at 0x000001EC1C02DC60>: unable to find trailer dictionary while recovering damaged file
C:\Users\donald.massey\AppData\Local\Packages\PythonSoftwareFoundation.Python.3.11_qbz5n2kfra8p0\LocalCache\local-packages\Python311\site-packages\PIL\TiffImagePlugin.py:950: UserWarning: Corrupt EXIF data.  Expecting to read 2 bytes but only got 0. 
  warnings.warn(str(msg))
2026-08-17T13:32:11 [WARNING] pypdf._reader — EOF marker not found
2026-08-17T13:32:11 [WARNING] LND-8482.repair — pikepdf recovery failed: stream <_io.BytesIO object at 0x000001EC1C08CD60>: unable to find trailer dictionary while recovering damaged file
2026-08-17T13:32:14 [WARNING] pypdf._reader — EOF marker not found
2026-08-17T13:32:14 [WARNING] LND-8482.repair — pikepdf recovery failed: stream <_io.BytesIO object at 0x000001EC1C08D490>: unable to find trailer dictionary while recovering damaged file
2026-08-17T13:32:44 [WARNING] pypdf._reader — EOF marker not found
2026-08-17T13:33:09 [WARNING] pypdf._reader — EOF marker not found
2026-08-17T13:33:09 [WARNING] LND-8482.repair — pikepdf recovery failed: stream <_io.BytesIO object at 0x000001EC1C02F150>: unable to find trailer dictionary while recovering damaged file
2026-08-17T13:33:14 [WARNING] pypdf._reader — EOF marker not found
2026-08-17T13:33:14 [WARNING] LND-8482.repair — pikepdf recovery failed: stream <_io.BytesIO object at 0x000001EC1C02F6F0>: unable to find trailer dictionary while recovering damaged file
2026-08-17T13:33:29 [WARNING] pypdf._reader — EOF marker not found
2026-08-17T13:33:32 [WARNING] pypdf._reader — EOF marker not found
2026-08-17T13:34:14 [WARNING] pypdf._reader — EOF marker not found
2026-08-17T13:34:14 [WARNING] LND-8482.repair — pikepdf recovery failed: stream <_io.BytesIO object at 0x000001EC1C02D030>: unable to find trailer dictionary while recovering damaged file
2026-08-17T13:34:21 [INFO] LND-8482.repair — Processed 898/1505 — 0.6 rec/s — ETA 16m 56s | {'repaired': 3, 'would_repair': 0, 'skipped': 0, 'failed': 895}
2026-08-17T13:34:35 [WARNING] pypdf._reader — EOF marker not found
2026-08-17T13:34:35 [WARNING] LND-8482.repair — pikepdf recovery failed: stream <_io.BytesIO object at 0x000001EC1C08DE90>: root of pages tree has no /Kids array
2026-08-17T13:34:39 [INFO] utils.database_utils — [countyScansTitle] BEGIN TRANSACTION
2026-08-17T13:34:39 [INFO] utils.database_utils — [countyScansTitle] UPDATE: UPDATE countyScansTitle.dbo.tblS3Image
               SET s3FilePath        = ?,
                   pageCount         = ?,
                   fileSizeBytes     = ?,
                   _ModifiedBy       = ?,
                   _ModifiedDateTime = GETDATE()
             WHERE recordID = ?;
            IF @@ROWCOUNT = 0
                INSERT INTO countyScansTitle.dbo.tblS3Image
                    (recordID, s3FilePath, pageCount, fileSizeBytes, _ModifiedBy, _ModifiedDateTime)
                VALUES (?, ?, ?, ?, ?, GETDATE()); | params=['s3://enverus-courthouse-prod-chd-plants/tx/eog_gonzales/9472/94725e6d-f5f7-4875-9ba0-951f1d555d7e.pdf', 3, 57886, 'LND-8093-repair', '94725e6d-f5f7-4875-9ba0-951f1d555d7e', '94725e6d-f5f7-4875-9ba0-951f1d555d7e', 's3://enverus-courthouse-prod-chd-plants/tx/eog_gonzales/9472/94725e6d-f5f7-4875-9ba0-951f1d555d7e.pdf', 3, 57886, 'LND-8093-repair']
2026-08-17T13:34:43 [INFO] utils.database_utils — [countyScansTitle] 1 row(s) affected.
2026-08-17T13:34:43 [INFO] utils.database_utils — [countyScansTitle] COMMIT
2026-08-17T13:34:44 [INFO] utils.database_utils — [countyScansTitle] BEGIN TRANSACTION
2026-08-17T13:34:44 [INFO] utils.database_utils — [countyScansTitle] UPDATE: UPDATE countyScansTitle.dbo.tblS3Image
               SET s3FilePath        = ?,
                   pageCount         = ?,
                   fileSizeBytes     = ?,
                   _ModifiedBy       = ?,
                   _ModifiedDateTime = GETDATE()
             WHERE recordID = ?;
            IF @@ROWCOUNT = 0
                INSERT INTO countyScansTitle.dbo.tblS3Image
                    (recordID, s3FilePath, pageCount, fileSizeBytes, _ModifiedBy, _ModifiedDateTime)
                VALUES (?, ?, ?, ?, ?, GETDATE()); | params=['s3://enverus-courthouse-prod-chd-plants/tx/eog_gonzales/9475/9475b109-d18a-4c21-a01f-12fddbfe5ccc.pdf', 2, 86756, 'LND-8093-repair', '9475b109-d18a-4c21-a01f-12fddbfe5ccc', '9475b109-d18a-4c21-a01f-12fddbfe5ccc', 's3://enverus-courthouse-prod-chd-plants/tx/eog_gonzales/9475/9475b109-d18a-4c21-a01f-12fddbfe5ccc.pdf', 2, 86756, 'LND-8093-repair']
2026-08-17T13:34:47 [INFO] utils.database_utils — [countyScansTitle] 1 row(s) affected.
2026-08-17T13:34:47 [INFO] utils.database_utils — [countyScansTitle] COMMIT
2026-08-17T13:34:48 [INFO] utils.database_utils — [countyScansTitle] BEGIN TRANSACTION
2026-08-17T13:34:48 [INFO] utils.database_utils — [countyScansTitle] UPDATE: UPDATE countyScansTitle.dbo.tblS3Image
               SET s3FilePath        = ?,
                   pageCount         = ?,
                   fileSizeBytes     = ?,
                   _ModifiedBy       = ?,
                   _ModifiedDateTime = GETDATE()
             WHERE recordID = ?;
            IF @@ROWCOUNT = 0
                INSERT INTO countyScansTitle.dbo.tblS3Image
                    (recordID, s3FilePath, pageCount, fileSizeBytes, _ModifiedBy, _ModifiedDateTime)
                VALUES (?, ?, ?, ?, ?, GETDATE()); | params=['s3://enverus-courthouse-prod-chd-plants/tx/eog_gonzales/947d/947d1f37-911e-449f-98c9-99f84ca98ea1.pdf', 2, 82604, 'LND-8093-repair', '947d1f37-911e-449f-98c9-99f84ca98ea1', '947d1f37-911e-449f-98c9-99f84ca98ea1', 's3://enverus-courthouse-prod-chd-plants/tx/eog_gonzales/947d/947d1f37-911e-449f-98c9-99f84ca98ea1.pdf', 2, 82604, 'LND-8093-repair']
2026-08-17T13:34:51 [INFO] utils.database_utils — [countyScansTitle] 1 row(s) affected.
2026-08-17T13:34:51 [INFO] utils.database_utils — [countyScansTitle] COMMIT
2026-08-17T13:34:52 [INFO] utils.database_utils — [countyScansTitle] BEGIN TRANSACTION
2026-08-17T13:34:52 [INFO] utils.database_utils — [countyScansTitle] UPDATE: UPDATE countyScansTitle.dbo.tblS3Image
               SET s3FilePath        = ?,
                   pageCount         = ?,
                   fileSizeBytes     = ?,
                   _ModifiedBy       = ?,
                   _ModifiedDateTime = GETDATE()
             WHERE recordID = ?;
            IF @@ROWCOUNT = 0
                INSERT INTO countyScansTitle.dbo.tblS3Image
                    (recordID, s3FilePath, pageCount, fileSizeBytes, _ModifiedBy, _ModifiedDateTime)
                VALUES (?, ?, ?, ?, ?, GETDATE()); | params=['s3://enverus-courthouse-prod-chd-plants/tx/eog_gonzales/9485/9485ff4a-d221-42f5-b17f-c211c75a39ea.pdf', 2, 76014, 'LND-8093-repair', '9485ff4a-d221-42f5-b17f-c211c75a39ea', '9485ff4a-d221-42f5-b17f-c211c75a39ea', 's3://enverus-courthouse-prod-chd-plants/tx/eog_gonzales/9485/9485ff4a-d221-42f5-b17f-c211c75a39ea.pdf', 2, 76014, 'LND-8093-repair']
2026-08-17T13:34:54 [INFO] utils.database_utils — [countyScansTitle] 1 row(s) affected.
2026-08-17T13:34:55 [INFO] utils.database_utils — [countyScansTitle] COMMIT
2026-08-17T13:35:02 [WARNING] pypdf._reader — EOF marker not found
2026-08-17T13:35:02 [WARNING] LND-8482.repair — pikepdf recovery failed: stream <_io.BytesIO object at 0x000001EC1C08EF70>: unable to find trailer dictionary while recovering damaged file
2026-08-17T13:35:14 [INFO] utils.database_utils — [countyScansTitle] BEGIN TRANSACTION
2026-08-17T13:35:14 [INFO] utils.database_utils — [countyScansTitle] UPDATE: UPDATE countyScansTitle.dbo.tblS3Image
               SET s3FilePath        = ?,
                   pageCount         = ?,
                   fileSizeBytes     = ?,
                   _ModifiedBy       = ?,
                   _ModifiedDateTime = GETDATE()
             WHERE recordID = ?;
            IF @@ROWCOUNT = 0
                INSERT INTO countyScansTitle.dbo.tblS3Image
                    (recordID, s3FilePath, pageCount, fileSizeBytes, _ModifiedBy, _ModifiedDateTime)
                VALUES (?, ?, ?, ?, ?, GETDATE()); | params=['s3://enverus-courthouse-prod-chd-plants/tx/eog_gonzales/7854/78545ef8-94cf-4d87-a6ca-c9d8095eb484.pdf', 7, 330907, 'LND-8093-repair', '78545ef8-94cf-4d87-a6ca-c9d8095eb484', '78545ef8-94cf-4d87-a6ca-c9d8095eb484', 's3://enverus-courthouse-prod-chd-plants/tx/eog_gonzales/7854/78545ef8-94cf-4d87-a6ca-c9d8095eb484.pdf', 7, 330907, 'LND-8093-repair']
2026-08-17T13:35:18 [INFO] utils.database_utils — [countyScansTitle] 1 row(s) affected.
2026-08-17T13:35:18 [INFO] utils.database_utils — [countyScansTitle] COMMIT
2026-08-17T13:35:22 [WARNING] pypdf._reader — EOF marker not found
2026-08-17T13:35:25 [INFO] utils.database_utils — [countyScansTitle] BEGIN TRANSACTION
2026-08-17T13:35:25 [INFO] utils.database_utils — [countyScansTitle] UPDATE: UPDATE countyScansTitle.dbo.tblS3Image
               SET s3FilePath        = ?,
                   pageCount         = ?,
                   fileSizeBytes     = ?,
                   _ModifiedBy       = ?,
                   _ModifiedDateTime = GETDATE()
             WHERE recordID = ?;
            IF @@ROWCOUNT = 0
                INSERT INTO countyScansTitle.dbo.tblS3Image
                    (recordID, s3FilePath, pageCount, fileSizeBytes, _ModifiedBy, _ModifiedDateTime)
                VALUES (?, ?, ?, ?, ?, GETDATE()); | params=['s3://enverus-courthouse-prod-chd-plants/tx/eog_gonzales/78a3/78a33816-14c1-4256-82ce-874cae46c3ff.pdf', 3, 51036, 'LND-8093-repair', '78a33816-14c1-4256-82ce-874cae46c3ff', '78a33816-14c1-4256-82ce-874cae46c3ff', 's3://enverus-courthouse-prod-chd-plants/tx/eog_gonzales/78a3/78a33816-14c1-4256-82ce-874cae46c3ff.pdf', 3, 51036, 'LND-8093-repair']
2026-08-17T13:35:29 [INFO] utils.database_utils — [countyScansTitle] 1 row(s) affected.
2026-08-17T13:35:29 [INFO] utils.database_utils — [countyScansTitle] COMMIT
2026-08-17T13:35:41 [INFO] utils.database_utils — [countyScansTitle] BEGIN TRANSACTION
2026-08-17T13:35:41 [INFO] utils.database_utils — [countyScansTitle] UPDATE: UPDATE countyScansTitle.dbo.tblS3Image
               SET s3FilePath        = ?,
                   pageCount         = ?,
                   fileSizeBytes     = ?,
                   _ModifiedBy       = ?,
                   _ModifiedDateTime = GETDATE()
             WHERE recordID = ?;
            IF @@ROWCOUNT = 0
                INSERT INTO countyScansTitle.dbo.tblS3Image
                    (recordID, s3FilePath, pageCount, fileSizeBytes, _ModifiedBy, _ModifiedDateTime)
                VALUES (?, ?, ?, ?, ?, GETDATE()); | params=['s3://enverus-courthouse-prod-chd-plants/tx/eog_gonzales/964d/964d9426-6e5c-43dd-971c-776c9dfa2cbf.pdf', 12, 551994, 'LND-8093-repair', '964d9426-6e5c-43dd-971c-776c9dfa2cbf', '964d9426-6e5c-43dd-971c-776c9dfa2cbf', 's3://enverus-courthouse-prod-chd-plants/tx/eog_gonzales/964d/964d9426-6e5c-43dd-971c-776c9dfa2cbf.pdf', 12, 551994, 'LND-8093-repair']
2026-08-17T13:35:45 [INFO] utils.database_utils — [countyScansTitle] 1 row(s) affected.
2026-08-17T13:35:45 [INFO] utils.database_utils — [countyScansTitle] COMMIT
2026-08-17T13:36:52 [WARNING] pypdf._reader — EOF marker not found
2026-08-17T13:36:52 [WARNING] LND-8482.repair — pikepdf recovery failed: stream <_io.BytesIO object at 0x000001EC1C02D9E0>: unable to find trailer dictionary while recovering damaged file
2026-08-17T13:39:24 [INFO] LND-8482.repair — Processed 959/1505 — 0.5 rec/s — ETA 17m 08s | {'repaired': 10, 'would_repair': 0, 'skipped': 0, 'failed': 949}
2026-08-17T13:43:19 [WARNING] pypdf._reader — EOF marker not found
2026-08-17T13:43:19 [WARNING] LND-8482.repair — pikepdf recovery failed: stream <_io.BytesIO object at 0x000001EC1C02EA70>: unable to find trailer dictionary while recovering damaged file
2026-08-17T13:43:20 [WARNING] pypdf._reader — EOF marker not found
2026-08-17T13:43:20 [WARNING] LND-8482.repair — pikepdf recovery failed: stream <_io.BytesIO object at 0x000001EC1C02F830>: unable to find trailer dictionary while recovering damaged file
2026-08-17T13:44:24 [INFO] LND-8482.repair — Processed 1079/1505 — 0.5 rec/s — ETA 13m 51s | {'repaired': 10, 'would_repair': 0, 'skipped': 0, 'failed': 1069}
2026-08-17T13:44:41 [WARNING] pypdf._reader — parsing for Object Streams
2026-08-17T13:44:41 [WARNING] pypdf._reader — Object 104 0 not defined.
2026-08-17T13:44:41 [WARNING] LND-8482.repair — pikepdf recovery failed: stream <_io.BytesIO object at 0x000001EC1C08DFD0>: unable to find page tree
2026-08-17T13:45:10 [WARNING] pypdf._reader — EOF marker not found
2026-08-17T13:45:10 [WARNING] LND-8482.repair — pikepdf recovery failed: stream <_io.BytesIO object at 0x000001EC1C02F6F0>: unable to find trailer dictionary while recovering damaged file
2026-08-17T13:45:14 [WARNING] pypdf._reader — EOF marker not found
2026-08-17T13:45:14 [WARNING] LND-8482.repair — pikepdf recovery failed: stream <_io.BytesIO object at 0x000001EC1C02F4C0>: unable to find trailer dictionary while recovering damaged file
2026-08-17T13:45:16 [WARNING] pypdf._reader — EOF marker not found
2026-08-17T13:45:16 [WARNING] LND-8482.repair — pikepdf recovery failed: stream <_io.BytesIO object at 0x000001EC1C02F5B0>: unable to find trailer dictionary while recovering damaged file
2026-08-17T13:45:19 [WARNING] pypdf._reader — EOF marker not found
2026-08-17T13:45:19 [WARNING] LND-8482.repair — pikepdf recovery failed: stream <_io.BytesIO object at 0x000001EC1C02FEC0>: unable to find trailer dictionary while recovering damaged file
2026-08-17T13:45:30 [WARNING] pypdf._reader — EOF marker not found
2026-08-17T13:45:31 [WARNING] pypdf._reader — EOF marker not found
2026-08-17T13:45:31 [WARNING] LND-8482.repair — pikepdf recovery failed: stream <_io.BytesIO object at 0x000001EC1C02EF20>: unable to find trailer dictionary while recovering damaged file
2026-08-17T13:45:37 [WARNING] pypdf._reader — EOF marker not found
2026-08-17T13:45:45 [WARNING] pypdf._reader — EOF marker not found
2026-08-17T13:45:45 [WARNING] LND-8482.repair — pikepdf recovery failed: stream <_io.BytesIO object at 0x000001EC1C02D760>: unable to find trailer dictionary while recovering damaged file
2026-08-17T13:45:58 [WARNING] pypdf._reader — EOF marker not found
2026-08-17T13:45:58 [WARNING] LND-8482.repair — pikepdf recovery failed: stream <_io.BytesIO object at 0x000001EC1C02E4D0>: unable to find trailer dictionary while recovering damaged file
2026-08-17T13:46:16 [INFO] utils.database_utils — [countyScansTitle] BEGIN TRANSACTION
2026-08-17T13:46:16 [INFO] utils.database_utils — [countyScansTitle] UPDATE: UPDATE countyScansTitle.dbo.tblS3Image
               SET s3FilePath        = ?,
                   pageCount         = ?,
                   fileSizeBytes     = ?,
                   _ModifiedBy       = ?,
                   _ModifiedDateTime = GETDATE()
             WHERE recordID = ?;
            IF @@ROWCOUNT = 0
                INSERT INTO countyScansTitle.dbo.tblS3Image
                    (recordID, s3FilePath, pageCount, fileSizeBytes, _ModifiedBy, _ModifiedDateTime)
                VALUES (?, ?, ?, ?, ?, GETDATE()); | params=['s3://enverus-courthouse-prod-chd-plants/tx/eog_gonzales/8275/8275b2cb-b8bb-4796-b60c-da3750953510.pdf', 3, 71344, 'LND-8093-repair', '8275b2cb-b8bb-4796-b60c-da3750953510', '8275b2cb-b8bb-4796-b60c-da3750953510', 's3://enverus-courthouse-prod-chd-plants/tx/eog_gonzales/8275/8275b2cb-b8bb-4796-b60c-da3750953510.pdf', 3, 71344, 'LND-8093-repair']
2026-08-17T13:46:18 [INFO] utils.database_utils — [countyScansTitle] 1 row(s) affected.
2026-08-17T13:46:18 [INFO] utils.database_utils — [countyScansTitle] COMMIT
2026-08-17T13:46:21 [INFO] utils.database_utils — [countyScansTitle] BEGIN TRANSACTION
2026-08-17T13:46:21 [INFO] utils.database_utils — [countyScansTitle] UPDATE: UPDATE countyScansTitle.dbo.tblS3Image
               SET s3FilePath        = ?,
                   pageCount         = ?,
                   fileSizeBytes     = ?,
                   _ModifiedBy       = ?,
                   _ModifiedDateTime = GETDATE()
             WHERE recordID = ?;
            IF @@ROWCOUNT = 0
                INSERT INTO countyScansTitle.dbo.tblS3Image
                    (recordID, s3FilePath, pageCount, fileSizeBytes, _ModifiedBy, _ModifiedDateTime)
                VALUES (?, ?, ?, ?, ?, GETDATE()); | params=['s3://enverus-courthouse-prod-chd-plants/tx/eog_gonzales/9f63/9f6378e1-546b-44a9-9153-1c1f3d783006.pdf', 12, 410894, 'LND-8093-repair', '9f6378e1-546b-44a9-9153-1c1f3d783006', '9f6378e1-546b-44a9-9153-1c1f3d783006', 's3://enverus-courthouse-prod-chd-plants/tx/eog_gonzales/9f63/9f6378e1-546b-44a9-9153-1c1f3d783006.pdf', 12, 410894, 'LND-8093-repair']
2026-08-17T13:46:24 [INFO] utils.database_utils — [countyScansTitle] 1 row(s) affected.
2026-08-17T13:46:24 [INFO] utils.database_utils — [countyScansTitle] COMMIT
2026-08-17T13:46:32 [WARNING] pypdf._reader — EOF marker not found
2026-08-17T13:46:32 [WARNING] LND-8482.repair — pikepdf recovery failed: stream <_io.BytesIO object at 0x000001EC1C02D710>: unable to find trailer dictionary while recovering damaged file
2026-08-17T13:46:33 [WARNING] pypdf._reader — parsing for Object Streams
2026-08-17T13:46:33 [WARNING] pypdf._reader — Object 871 0 not defined.
2026-08-17T13:46:33 [WARNING] LND-8482.repair — pikepdf recovery failed: stream <_io.BytesIO object at 0x000001EC1C02DE40>: unable to find page tree
2026-08-17T13:46:47 [WARNING] pypdf._reader — EOF marker not found
2026-08-17T13:46:47 [WARNING] LND-8482.repair — pikepdf recovery failed: stream <_io.BytesIO object at 0x000001EC1C02EA20>: unable to find trailer dictionary while recovering damaged file
2026-08-17T13:47:07 [WARNING] pypdf._reader — EOF marker not found
2026-08-17T13:47:07 [WARNING] LND-8482.repair — pikepdf recovery failed: stream <_io.BytesIO object at 0x000001EC1C08F740>: unable to find trailer dictionary while recovering damaged file
2026-08-17T13:47:10 [WARNING] pypdf._reader — EOF marker not found
2026-08-17T13:47:10 [WARNING] LND-8482.repair — pikepdf recovery failed: stream <_io.BytesIO object at 0x000001EC1C02F6F0>: unable to find trailer dictionary while recovering damaged file
2026-08-17T13:47:10 [WARNING] pypdf._reader — EOF marker not found
2026-08-17T13:47:10 [WARNING] LND-8482.repair — pikepdf recovery failed: stream <_io.BytesIO object at 0x000001EC1C02D440>: unable to find trailer dictionary while recovering damaged file
2026-08-17T13:47:23 [WARNING] pypdf._reader — EOF marker not found
2026-08-17T13:47:23 [WARNING] LND-8482.repair — pikepdf recovery failed: stream <_io.BytesIO object at 0x000001EC1C02D260>: unable to find trailer dictionary while recovering damaged file
2026-08-17T13:47:32 [WARNING] pypdf._reader — EOF marker not found
2026-08-17T13:47:32 [WARNING] LND-8482.repair — pikepdf recovery failed: stream <_io.BytesIO object at 0x000001EC1C08DE90>: unable to find trailer dictionary while recovering damaged file
2026-08-17T13:47:47 [WARNING] pypdf._reader — EOF marker not found
2026-08-17T13:47:47 [WARNING] LND-8482.repair — pikepdf recovery failed: stream <_io.BytesIO object at 0x000001EC1C178180>: unable to find trailer dictionary while recovering damaged file
2026-08-17T13:47:48 [WARNING] pypdf._reader — EOF marker not found
2026-08-17T13:47:49 [WARNING] pypdf._reader — EOF marker not found
2026-08-17T13:47:53 [WARNING] pypdf._reader — EOF marker not found
2026-08-17T13:47:53 [WARNING] LND-8482.repair — pikepdf recovery failed: stream <_io.BytesIO object at 0x000001EC1C08CF90>: unable to find trailer dictionary while recovering damaged file
2026-08-17T13:47:54 [WARNING] pypdf._reader — EOF marker not found
2026-08-17T13:47:54 [WARNING] LND-8482.repair — pikepdf recovery failed: stream <_io.BytesIO object at 0x000001EC1C08E3E0>: unable to find trailer dictionary while recovering damaged file
2026-08-17T13:47:59 [WARNING] pypdf._reader — incorrect startxref pointer(4)
2026-08-17T13:47:59 [WARNING] pypdf._reader — parsing for Object Streams
2026-08-17T13:47:59 [WARNING] pypdf._reader — Object 10 0 not defined.
2026-08-17T13:47:59 [WARNING] LND-8482.repair — pikepdf recovery failed: stream <_io.BytesIO object at 0x000001EC1C08CE00>: root of pages tree has no /Kids array
2026-08-17T13:47:59 [WARNING] pypdf._reader — parsing for Object Streams
2026-08-17T13:47:59 [WARNING] pypdf._reader — Object 1924 0 not defined.
2026-08-17T13:47:59 [WARNING] LND-8482.repair — pikepdf recovery failed: stream <_io.BytesIO object at 0x000001EC1C08D4E0>: unable to find page tree
2026-08-17T13:48:00 [WARNING] pypdf._reader — EOF marker not found
2026-08-17T13:48:00 [WARNING] LND-8482.repair — pikepdf recovery failed: stream <_io.BytesIO object at 0x000001EC1C08FF60>: unable to find trailer dictionary while recovering damaged file
2026-08-17T13:48:02 [WARNING] pypdf._reader — EOF marker not found
2026-08-17T13:48:02 [WARNING] LND-8482.repair — pikepdf recovery failed: stream <_io.BytesIO object at 0x000001EC1C08D800>: unable to find trailer dictionary while recovering damaged file
2026-08-17T13:48:13 [WARNING] pypdf._reader — EOF marker not found
2026-08-17T13:48:13 [WARNING] LND-8482.repair — pikepdf recovery failed: stream <_io.BytesIO object at 0x000001EC1C08CE50>: root of pages tree has no /Kids array
2026-08-17T13:48:16 [WARNING] pypdf._reader — EOF marker not found
2026-08-17T13:48:16 [WARNING] LND-8482.repair — pikepdf recovery failed: stream <_io.BytesIO object at 0x000001EC1C08D300>: unable to find trailer dictionary while recovering damaged file
2026-08-17T13:48:43 [WARNING] pypdf._reader — EOF marker not found
2026-08-17T13:48:43 [WARNING] LND-8482.repair — pikepdf recovery failed: stream <_io.BytesIO object at 0x000001EC1C08F3D0>: root of pages tree has no /Kids array
2026-08-17T13:48:49 [WARNING] pypdf._reader — EOF marker not found
2026-08-17T13:48:49 [WARNING] LND-8482.repair — pikepdf recovery failed: stream <_io.BytesIO object at 0x000001EC1C08E700>: unable to find trailer dictionary while recovering damaged file
2026-08-17T13:48:56 [WARNING] pypdf._reader — EOF marker not found
2026-08-17T13:48:56 [WARNING] LND-8482.repair — pikepdf recovery failed: stream <_io.BytesIO object at 0x000001EC1C08E4D0>: unable to find trailer dictionary while recovering damaged file
2026-08-17T13:49:14 [WARNING] pypdf._reader — EOF marker not found
2026-08-17T13:49:14 [WARNING] LND-8482.repair — pikepdf recovery failed: stream <_io.BytesIO object at 0x000001EC1C08F0B0>: unable to find trailer dictionary while recovering damaged file
2026-08-17T13:49:17 [WARNING] pypdf._reader — parsing for Object Streams
2026-08-17T13:49:17 [WARNING] pypdf._reader — Object 59 0 not defined.
2026-08-17T13:49:17 [WARNING] LND-8482.repair — pikepdf recovery failed: stream <_io.BytesIO object at 0x000001EC1C08F830>: unable to find page tree
2026-08-17T13:49:21 [WARNING] pypdf._reader — EOF marker not found
2026-08-17T13:49:21 [WARNING] LND-8482.repair — pikepdf recovery failed: stream <_io.BytesIO object at 0x000001EC1C08CDB0>: unable to find trailer dictionary while recovering damaged file
2026-08-17T13:49:25 [INFO] LND-8482.repair — Processed 1278/1505 — 0.5 rec/s — ETA 7m 07s | {'repaired': 12, 'would_repair': 0, 'skipped': 0, 'failed': 1266}
2026-08-17T13:49:39 [WARNING] pypdf._reader — EOF marker not found
2026-08-17T13:49:39 [WARNING] LND-8482.repair — pikepdf recovery failed: stream <_io.BytesIO object at 0x000001EC1C08CDB0>: unable to find trailer dictionary while recovering damaged file
2026-08-17T13:50:13 [WARNING] pypdf._reader — EOF marker not found
2026-08-17T13:50:13 [WARNING] LND-8482.repair — pikepdf recovery failed: stream <_io.BytesIO object at 0x000001EC1C08CC20>: unable to find trailer dictionary while recovering damaged file
2026-08-17T13:50:19 [WARNING] pypdf._reader — EOF marker not found
2026-08-17T13:50:19 [WARNING] LND-8482.repair — pikepdf recovery failed: stream <_io.BytesIO object at 0x000001EC1C08FD30>: unable to find trailer dictionary while recovering damaged file
2026-08-17T13:50:56 [WARNING] pypdf._reader — EOF marker not found
2026-08-17T13:50:56 [WARNING] LND-8482.repair — pikepdf recovery failed: stream <_io.BytesIO object at 0x000001EC1C1B4E50>: unable to find trailer dictionary while recovering damaged file
2026-08-17T13:51:21 [WARNING] pypdf._reader — EOF marker not found
2026-08-17T13:51:21 [WARNING] LND-8482.repair — pikepdf recovery failed: stream <_io.BytesIO object at 0x000001EC1C17B1F0>: unable to find trailer dictionary while recovering damaged file
2026-08-17T13:51:23 [WARNING] pypdf._reader — EOF marker not found
2026-08-17T13:51:23 [WARNING] LND-8482.repair — pikepdf recovery failed: stream <_io.BytesIO object at 0x000001EC1C17B100>: unable to find trailer dictionary while recovering damaged file
2026-08-17T13:51:37 [WARNING] pypdf._reader — EOF marker not found
2026-08-17T13:51:37 [WARNING] LND-8482.repair — pikepdf recovery failed: stream <_io.BytesIO object at 0x000001EC1C17BA10>: unable to find trailer dictionary while recovering damaged file
2026-08-17T13:51:43 [WARNING] pypdf._reader — EOF marker not found
2026-08-17T13:51:43 [WARNING] LND-8482.repair — pikepdf recovery failed: stream <_io.BytesIO object at 0x000001EC1C17ACA0>: unable to find trailer dictionary while recovering damaged file
2026-08-17T13:51:44 [WARNING] pypdf._reader — EOF marker not found
2026-08-17T13:51:52 [WARNING] pypdf._reader — EOF marker not found
2026-08-17T13:51:52 [WARNING] LND-8482.repair — pikepdf recovery failed: stream <_io.BytesIO object at 0x000001EC1C1798F0>: unable to find trailer dictionary while recovering damaged file
2026-08-17T13:52:01 [WARNING] pypdf._reader — EOF marker not found
2026-08-17T13:52:01 [WARNING] LND-8482.repair — pikepdf recovery failed: stream <_io.BytesIO object at 0x000001EC1C17A160>: unable to find trailer dictionary while recovering damaged file
2026-08-17T13:52:05 [WARNING] pypdf._reader — EOF marker not found
2026-08-17T13:52:05 [WARNING] LND-8482.repair — pikepdf recovery failed: stream <_io.BytesIO object at 0x000001EC1C17BFB0>: unable to find trailer dictionary while recovering damaged file
2026-08-17T13:52:07 [WARNING] pypdf._reader — EOF marker not found
2026-08-17T13:52:07 [WARNING] LND-8482.repair — pikepdf recovery failed: stream <_io.BytesIO object at 0x000001EC1C179940>: unable to find trailer dictionary while recovering damaged file
2026-08-17T13:52:16 [WARNING] pypdf._reader — EOF marker not found
2026-08-17T13:52:16 [WARNING] LND-8482.repair — pikepdf recovery failed: stream <_io.BytesIO object at 0x000001EC1C17ACA0>: root of pages tree has no /Kids array
2026-08-17T13:52:20 [WARNING] pypdf._reader — EOF marker not found
2026-08-17T13:52:20 [WARNING] LND-8482.repair — pikepdf recovery failed: stream <_io.BytesIO object at 0x000001EC1C1784F0>: unable to find trailer dictionary while recovering damaged file
2026-08-17T13:52:39 [WARNING] pypdf._reader — EOF marker not found
2026-08-17T13:52:39 [WARNING] LND-8482.repair — pikepdf recovery failed: stream <_io.BytesIO object at 0x000001EC1C08D5D0>: root of pages tree has no /Kids array
2026-08-17T13:53:07 [WARNING] pypdf._reader — EOF marker not found
2026-08-17T13:53:07 [WARNING] LND-8482.repair — pikepdf recovery failed: stream <_io.BytesIO object at 0x000001EC1C1798A0>: unable to find trailer dictionary while recovering damaged file
2026-08-17T13:53:17 [WARNING] pypdf._reader — EOF marker not found
2026-08-17T13:53:17 [WARNING] LND-8482.repair — pikepdf recovery failed: stream <_io.BytesIO object at 0x000001EC1C17BCE0>: unable to find trailer dictionary while recovering damaged file
2026-08-17T13:53:34 [WARNING] pypdf._reader — EOF marker not found
2026-08-17T13:53:34 [WARNING] LND-8482.repair — pikepdf recovery failed: stream <_io.BytesIO object at 0x000001EC1C17AE30>: unable to find trailer dictionary while recovering damaged file
2026-08-17T13:53:58 [WARNING] pypdf._reader — parsing for Object Streams
2026-08-17T13:53:58 [WARNING] pypdf._reader — Object 5 0 not defined.
2026-08-17T13:53:58 [WARNING] LND-8482.repair — pikepdf recovery failed: stream <_io.BytesIO object at 0x000001EC1C1A06D0>: unable to find page tree
2026-08-17T13:54:11 [WARNING] pypdf._reader — EOF marker not found
2026-08-17T13:54:26 [INFO] LND-8482.repair — Processed 1455/1505 — 0.5 rec/s — ETA 1m 33s | {'repaired': 12, 'would_repair': 0, 'skipped': 0, 'failed': 1443}
2026-08-17T13:54:32 [WARNING] pypdf._reader — EOF marker not found
2026-08-17T13:54:32 [WARNING] LND-8482.repair — pikepdf recovery failed: stream <_io.BytesIO object at 0x000001EC1C179CB0>: unable to find trailer dictionary while recovering damaged file
2026-08-17T13:54:37 [WARNING] pypdf._reader — EOF marker not found
2026-08-17T13:54:37 [WARNING] LND-8482.repair — pikepdf recovery failed: stream <_io.BytesIO object at 0x000001EC1C08F010>: unable to find trailer dictionary while recovering damaged file
2026-08-17T13:55:01 [WARNING] pypdf._reader — incorrect startxref pointer(4)
2026-08-17T13:55:01 [WARNING] pypdf._reader — parsing for Object Streams
2026-08-17T13:55:01 [WARNING] pypdf._reader — Object 17 0 not defined.
2026-08-17T13:55:01 [WARNING] LND-8482.repair — pikepdf recovery failed: stream <_io.BytesIO object at 0x000001EC1C179EE0>: root of pages tree has no /Kids array
2026-08-17T13:55:07 [WARNING] pypdf._reader — EOF marker not found
2026-08-17T13:55:07 [WARNING] LND-8482.repair — pikepdf recovery failed: stream <_io.BytesIO object at 0x000001EC1C1797B0>: unable to find trailer dictionary while recovering damaged file
2026-08-17T13:55:08 [WARNING] pypdf._reader — EOF marker not found
2026-08-17T13:55:08 [WARNING] LND-8482.repair — pikepdf recovery failed: stream <_io.BytesIO object at 0x000001EC1C179AD0>: unable to find trailer dictionary while recovering damaged file
2026-08-17T13:55:38 [INFO] LND-8482.repair — Done — {'repaired': 12, 'would_repair': 0, 'skipped': 0, 'failed': 1493} | report: C:\Users\donald.massey\PycharmProjects\jira-repos\LND-8482\artifacts\repair_report_commit_20260817T185538Z.csv
2026-08-17T13:55:39 [INFO] utils.database_utils — [countyScansTitle] Connection closed
